package clamptest

func example() {
	x := 50
	lo := 0
	hi := 100

	// Should be flagged.
	x = min(max(x, lo), hi)
	_ = x
}

func reversed() {
	x := 50
	lo := 0
	hi := 100

	// Should be flagged (reversed order).
	x = max(min(x, hi), lo)
	_ = x
}

// Consecutive if-return clamp patterns (not else-if).

func clampReturn(v, lo, hi int) int {
	return min(max(v, lo), hi)
}

func clampReturnReversed(v, lo, hi int) int {
	return max(min(v, hi), lo)
}

func clampReturnLEQ(v, lo, hi int) int {
	return min(max(v, lo), hi)
}

func noMatchReturn(v int) int {
	// Only one comparison — not a clamp.
	if v < 0 {
		return 0
	}
	return v
}

func noMatchReturnDiffVars(v, lo, hi int) int {
	// Different variables in comparisons — not a clamp.
	w := v + 1
	if v < lo {
		return lo
	}
	if w > hi {
		return hi
	}
	return v
}

func exampleLEQ() {
	x := 50
	lo := 0
	hi := 100

	// Should be flagged (<=/>= in if-else-if form).
	x = min(max(x, lo), hi)
	_ = x
}

func noMatch() {
	x := 50

	// Not a clamp — different variables assigned.
	y := 0
	if x < 0 {
		y = 0
	} else if x > 100 {
		x = 100
	}
	_ = x
	_ = y

	// Not a clamp — has else clause.
	if x < 0 {
		x = 0
	} else if x > 100 {
		x = 100
	} else {
		x = x + 1
	}
	_ = x

	// Not a clamp — second condition checks a different variable.
	z := 30
	if x < 0 {
		x = 0
	} else if z > 100 {
		x = 100
	}
	_ = x
	_ = z

	// Not a clamp — condition variable on the right side (lo > x).
	lo := 0
	hi := 100
	if lo > x {
		x = lo
	} else if hi < x {
		x = hi
	}
	_ = x
	_ = lo
	_ = hi

	// Not a clamp — has init statement.
	if v := x; v < 0 {
		x = 0
	} else if v > 100 {
		x = 100
	}
	_ = x

	// Not a clamp — uses := instead of = in body.
	if x < 0 {
		x := 0
		_ = x
	} else if x > 100 {
		x = 100
	}
	_ = x

	// Not a clamp — multi-statement body.
	if x < 0 {
		x = 0
		_ = x
	} else if x > 100 {
		x = 100
	}
	_ = x
}
